2026-09-28T14:25:17-07:00 [INFO] (codacy-cli-v2/cli-v2.go:27) Starting Codacy CLI version=1.0.0-main.382.sha.473b61c (473b61c) built at 2026-08-20T08:39:46Z
2026-09-28T14:25:17-07:00 [INFO] (codacy-cli-v2/cmd/root.go:34) Executing CLI command command=analyze full_command=[/home/doug/.cache/codacy/codacy-cli-v2/1.0.0-main.382.sha.473b61c/codacy-cli-v2 analyze src/server/trpc/routers/_helpers.ts src/server/trpc/routers/alexa.ts src/server/trpc/routers/cookbooks.ts src/server/trpc/routers/privateRecipeNotes.ts src/server/trpc/routers/recipes.ts src/routes/cookbooks..tsx src/routes/cookbooks..toc.tsx src/server/trpc/routers/__tests__/sharing-cookbook-entries.integration.test.ts src/server/trpc/routers/__tests__/sharing-read-only-enforcement.integration.test.ts src/server/trpc/routers/__tests__/sharing-read-path.integration.test.ts src/server/trpc/routers/__tests__/test-helpers.ts] args=[src/server/trpc/routers/_helpers.ts src/server/trpc/routers/alexa.ts src/server/trpc/routers/cookbooks.ts src/server/trpc/routers/privateRecipeNotes.ts src/server/trpc/routers/recipes.ts src/routes/cookbooks..tsx src/routes/cookbooks..toc.tsx src/server/trpc/routers/__tests__/sharing-cookbook-entries.integration.test.ts src/server/trpc/routers/__tests__/sharing-read-only-enforcement.integration.test.ts src/server/trpc/routers/__tests__/sharing-read-path.integration.test.ts src/server/trpc/routers/__tests__/test-helpers.ts]
2026-09-28T14:25:17-07:00 [ERROR] (codacy-cli-v2/cmd/analyze.go:494) Analysis failed because path does not exist path=src/routes/cookbooks..tsx
2026-09-28T14:25:24-07:00 [INFO] (codacy-cli-v2/cli-v2.go:27) Starting Codacy CLI version=1.0.0-main.382.sha.473b61c (473b61c) built at 2026-08-20T08:39:46Z
2026-09-28T14:25:24-07:00 [INFO] (codacy-cli-v2/cmd/root.go:34) Executing CLI command full_command=[/home/doug/.cache/codacy/codacy-cli-v2/1.0.0-main.382.sha.473b61c/codacy-cli-v2 analyze src/server/trpc/routers/_helpers.ts src/server/trpc/routers/alexa.ts src/server/trpc/routers/cookbooks.ts src/server/trpc/routers/privateRecipeNotes.ts src/server/trpc/routers/recipes.ts src/routes/cookbooks..tsx src/routes/cookbooks..toc.tsx src/server/trpc/routers/__tests__/sharing-cookbook-entries.integration.test.ts src/server/trpc/routers/__tests__/sharing-read-only-enforcement.integration.test.ts src/server/trpc/routers/__tests__/sharing-read-path.integration.test.ts src/server/trpc/routers/__tests__/test-helpers.ts] args=[src/server/trpc/routers/_helpers.ts src/server/trpc/routers/alexa.ts src/server/trpc/routers/cookbooks.ts src/server/trpc/routers/privateRecipeNotes.ts src/server/trpc/routers/recipes.ts src/routes/cookbooks..tsx src/routes/cookbooks..toc.tsx src/server/trpc/routers/__tests__/sharing-cookbook-entries.integration.test.ts src/server/trpc/routers/__tests__/sharing-read-only-enforcement.integration.test.ts src/server/trpc/routers/__tests__/sharing-read-path.integration.test.ts src/server/trpc/routers/__tests__/test-helpers.ts] command=analyze
2026-09-28T14:25:24-07:00 [ERROR] (codacy-cli-v2/cmd/analyze.go:494) Analysis failed because path does not exist path=src/routes/cookbooks..tsx
2026-09-28T14:25:33-07:00 [INFO] (codacy-cli-v2/cli-v2.go:27) Starting Codacy CLI version=1.0.0-main.382.sha.473b61c (473b61c) built at 2026-08-20T08:39:46Z
2026-09-28T14:25:33-07:00 [INFO] (codacy-cli-v2/cmd/root.go:34) Executing CLI command command=analyze full_command=[/home/doug/.cache/codacy/codacy-cli-v2/1.0.0-main.382.sha.473b61c/codacy-cli-v2 analyze src/server/trpc/routers/_helpers.ts src/server/trpc/routers/alexa.ts src/server/trpc/routers/cookbooks.ts src/server/trpc/routers/privateRecipeNotes.ts src/server/trpc/routers/recipes.ts src/routes/cookbooks..tsx src/routes/cookbooks..toc.tsx src/server/trpc/routers/__tests__/sharing-cookbook-entries.integration.test.ts src/server/trpc/routers/__tests__/sharing-read-only-enforcement.integration.test.ts src/server/trpc/routers/__tests__/sharing-read-path.integration.test.ts src/server/trpc/routers/__tests__/test-helpers.ts] args=[src/server/trpc/routers/_helpers.ts src/server/trpc/routers/alexa.ts src/server/trpc/routers/cookbooks.ts src/server/trpc/routers/privateRecipeNotes.ts src/server/trpc/routers/recipes.ts src/routes/cookbooks..tsx src/routes/cookbooks..toc.tsx src/server/trpc/routers/__tests__/sharing-cookbook-entries.integration.test.ts src/server/trpc/routers/__tests__/sharing-read-only-enforcement.integration.test.ts src/server/trpc/routers/__tests__/sharing-read-path.integration.test.ts src/server/trpc/routers/__tests__/test-helpers.ts]
2026-09-28T14:25:33-07:00 [ERROR] (codacy-cli-v2/cmd/analyze.go:494) Analysis failed because path does not exist path=src/routes/cookbooks..tsx
2026-09-28T14:25:46-07:00 [INFO] (codacy-cli-v2/cli-v2.go:27) Starting Codacy CLI version=1.0.0-main.382.sha.473b61c (473b61c) built at 2026-08-20T08:39:46Z
2026-09-28T14:26:00-07:00 [INFO] (codacy-cli-v2/cli-v2.go:27) Starting Codacy CLI version=1.0.0-main.382.sha.473b61c (473b61c) built at 2026-08-20T08:39:46Z
2026-09-28T14:26:00-07:00 [INFO] (codacy-cli-v2/cmd/root.go:34) Executing CLI command full_command=[/home/doug/.cache/codacy/codacy-cli-v2/1.0.0-main.382.sha.473b61c/codacy-cli-v2 analyze src/server/trpc/routers/_helpers.ts src/server/trpc/routers/alexa.ts src/server/trpc/routers/cookbooks.ts src/server/trpc/routers/privateRecipeNotes.ts src/server/trpc/routers/recipes.ts src/routes/cookbooks..tsx src/routes/cookbooks..toc.tsx src/server/trpc/routers/__tests__/sharing-cookbook-entries.integration.test.ts src/server/trpc/routers/__tests__/sharing-read-only-enforcement.integration.test.ts src/server/trpc/routers/__tests__/sharing-read-path.integration.test.ts src/server/trpc/routers/__tests__/test-helpers.ts] args=[src/server/trpc/routers/_helpers.ts src/server/trpc/routers/alexa.ts src/server/trpc/routers/cookbooks.ts src/server/trpc/routers/privateRecipeNotes.ts src/server/trpc/routers/recipes.ts src/routes/cookbooks..tsx src/routes/cookbooks..toc.tsx src/server/trpc/routers/__tests__/sharing-cookbook-entries.integration.test.ts src/server/trpc/routers/__tests__/sharing-read-only-enforcement.integration.test.ts src/server/trpc/routers/__tests__/sharing-read-path.integration.test.ts src/server/trpc/routers/__tests__/test-helpers.ts] command=analyze
2026-09-28T14:26:00-07:00 [ERROR] (codacy-cli-v2/cmd/analyze.go:494) Analysis failed because path does not exist path=src/routes/cookbooks..tsx
2026-09-28T14:26:26-07:00 [INFO] (codacy-cli-v2/cli-v2.go:27) Starting Codacy CLI version=1.0.0-main.382.sha.473b61c (473b61c) built at 2026-08-20T08:39:46Z
2026-09-28T14:26:26-07:00 [INFO] (codacy-cli-v2/cmd/root.go:34) Executing CLI command command=analyze full_command=[/home/doug/.cache/codacy/codacy-cli-v2/1.0.0-main.382.sha.473b61c/codacy-cli-v2 analyze src/server/trpc/routers/_helpers.ts src/server/trpc/routers/alexa.ts src/server/trpc/routers/cookbooks.ts src/server/trpc/routers/privateRecipeNotes.ts src/server/trpc/routers/recipes.ts src/server/trpc/routers/__tests__/sharing-cookbook-entries.integration.test.ts src/server/trpc/routers/__tests__/sharing-read-only-enforcement.integration.test.ts src/server/trpc/routers/__tests__/sharing-read-path.integration.test.ts src/server/trpc/routers/__tests__/test-helpers.ts] args=[src/server/trpc/routers/_helpers.ts src/server/trpc/routers/alexa.ts src/server/trpc/routers/cookbooks.ts src/server/trpc/routers/privateRecipeNotes.ts src/server/trpc/routers/recipes.ts src/server/trpc/routers/__tests__/sharing-cookbook-entries.integration.test.ts src/server/trpc/routers/__tests__/sharing-read-only-enforcement.integration.test.ts src/server/trpc/routers/__tests__/sharing-read-path.integration.test.ts src/server/trpc/routers/__tests__/test-helpers.ts]
2026/09/28 14:26:26 Running all configured tools...
2026/09/28 14:26:26 Skipping dartanalyzer as it doesn't support the specified file(s)
2026/09/28 14:26:26 Skipping pmd as it doesn't support the specified file(s)
2026/09/28 14:26:26 Skipping pylint as it doesn't support the specified file(s)
2026/09/28 14:26:26 Skipping revive as it doesn't support the specified file(s)
2026/09/28 14:26:26 Running tools for the specified file(s)...
2026/09/28 14:26:26 Running eslint...
2026-09-28T14:26:26-07:00 [INFO] (codacy-cli-v2/cmd/analyze.go:360) Config file found for tool tool=eslint toolConfigPath=.codacy/tools-configs/eslint.config.mjs
2026/09/28 14:26:26 Running tools for the specified file(s)...
2026/09/28 14:26:26 Running lizard...
2026-09-28T14:26:26-07:00 [INFO] (codacy-cli-v2/cmd/analyze.go:360) Config file found for tool tool=lizard toolConfigPath=.codacy/tools-configs/lizard.yaml
2026/09/28 14:26:27 Running tools for the specified file(s)...
2026/09/28 14:26:27 Running opengrep...
2026-09-28T14:26:27-07:00 [INFO] (codacy-cli-v2/cmd/analyze.go:360) Config file found for tool tool=opengrep toolConfigPath=.codacy/tools-configs/semgrep.yaml
2026/09/28 14:26:27 Tool failed to run: failed to run opengrep: fork/exec /home/doug/.cache/codacy/tools/opengrep@1.78.0/opengrep: exec format error
2026/09/28 14:26:27 Running tools for the specified file(s)...
2026/09/28 14:26:27 Running trivy...
2026-09-28T14:26:27-07:00 [INFO] (codacy-cli-v2/cmd/analyze.go:360) Config file found for tool tool=trivy toolConfigPath=.codacy/tools-configs/trivy.yaml
2026/09/28 14:26:27 Tool failed to run: failed to run Trivy: exit status 1
2026-09-28T14:26:48-07:00 [INFO] (codacy-cli-v2/cli-v2.go:27) Starting Codacy CLI version=1.0.0-main.382.sha.473b61c (473b61c) built at 2026-08-20T08:39:46Z
2026-09-28T14:26:48-07:00 [INFO] (codacy-cli-v2/cmd/root.go:34) Executing CLI command full_command=[/home/doug/.cache/codacy/codacy-cli-v2/1.0.0-main.382.sha.473b61c/codacy-cli-v2 analyze -t eslint src/server/trpc/routers/_helpers.ts src/server/trpc/routers/alexa.ts src/server/trpc/routers/cookbooks.ts src/server/trpc/routers/privateRecipeNotes.ts src/server/trpc/routers/recipes.ts src/server/trpc/routers/__tests__/sharing-cookbook-entries.integration.test.ts src/server/trpc/routers/__tests__/sharing-read-only-enforcement.integration.test.ts src/server/trpc/routers/__tests__/sharing-read-path.integration.test.ts src/server/trpc/routers/__tests__/test-helpers.ts] args=[src/server/trpc/routers/_helpers.ts src/server/trpc/routers/alexa.ts src/server/trpc/routers/cookbooks.ts src/server/trpc/routers/privateRecipeNotes.ts src/server/trpc/routers/recipes.ts src/server/trpc/routers/__tests__/sharing-cookbook-entries.integration.test.ts src/server/trpc/routers/__tests__/sharing-read-only-enforcement.integration.test.ts src/server/trpc/routers/__tests__/sharing-read-path.integration.test.ts src/server/trpc/routers/__tests__/test-helpers.ts] command=analyze
2026/09/28 14:26:48 Running tools for the specified file(s)...
2026/09/28 14:26:48 Running eslint...
2026-09-28T14:26:48-07:00 [INFO] (codacy-cli-v2/cmd/analyze.go:360) Config file found for tool tool=eslint toolConfigPath=.codacy/tools-configs/eslint.config.mjs
2026-09-28T14:26:54-07:00 [INFO] (codacy-cli-v2/cli-v2.go:27) Starting Codacy CLI version=1.0.0-main.382.sha.473b61c (473b61c) built at 2026-08-20T08:39:46Z
2026-09-28T14:26:54-07:00 [INFO] (codacy-cli-v2/cmd/root.go:34) Executing CLI command command=analyze full_command=[/home/doug/.cache/codacy/codacy-cli-v2/1.0.0-main.382.sha.473b61c/codacy-cli-v2 analyze -t semgrep src/server/trpc/routers/_helpers.ts src/server/trpc/routers/alexa.ts src/server/trpc/routers/cookbooks.ts src/server/trpc/routers/privateRecipeNotes.ts src/server/trpc/routers/recipes.ts src/server/trpc/routers/__tests__/sharing-cookbook-entries.integration.test.ts src/server/trpc/routers/__tests__/sharing-read-only-enforcement.integration.test.ts src/server/trpc/routers/__tests__/sharing-read-path.integration.test.ts src/server/trpc/routers/__tests__/test-helpers.ts] args=[src/server/trpc/routers/_helpers.ts src/server/trpc/routers/alexa.ts src/server/trpc/routers/cookbooks.ts src/server/trpc/routers/privateRecipeNotes.ts src/server/trpc/routers/recipes.ts src/server/trpc/routers/__tests__/sharing-cookbook-entries.integration.test.ts src/server/trpc/routers/__tests__/sharing-read-only-enforcement.integration.test.ts src/server/trpc/routers/__tests__/sharing-read-path.integration.test.ts src/server/trpc/routers/__tests__/test-helpers.ts]
2026/09/28 14:26:54 Tool failed to run: tool 'semgrep' is not supported
2026-09-28T14:27:15-07:00 [INFO] (codacy-cli-v2/cli-v2.go:27) Starting Codacy CLI version=1.0.0-main.382.sha.473b61c (473b61c) built at 2026-08-20T08:39:46Z
2026-09-28T14:27:15-07:00 [INFO] (codacy-cli-v2/cmd/root.go:34) Executing CLI command command=analyze full_command=[/home/doug/.cache/codacy/codacy-cli-v2/1.0.0-main.382.sha.473b61c/codacy-cli-v2 analyze -t opengrep src/server/trpc/routers/_helpers.ts src/server/trpc/routers/alexa.ts src/server/trpc/routers/cookbooks.ts src/server/trpc/routers/privateRecipeNotes.ts src/server/trpc/routers/recipes.ts src/server/trpc/routers/__tests__/sharing-cookbook-entries.integration.test.ts src/server/trpc/routers/__tests__/sharing-read-only-enforcement.integration.test.ts src/server/trpc/routers/__tests__/sharing-read-path.integration.test.ts src/server/trpc/routers/__tests__/test-helpers.ts] args=[src/server/trpc/routers/_helpers.ts src/server/trpc/routers/alexa.ts src/server/trpc/routers/cookbooks.ts src/server/trpc/routers/privateRecipeNotes.ts src/server/trpc/routers/recipes.ts src/server/trpc/routers/__tests__/sharing-cookbook-entries.integration.test.ts src/server/trpc/routers/__tests__/sharing-read-only-enforcement.integration.test.ts src/server/trpc/routers/__tests__/sharing-read-path.integration.test.ts src/server/trpc/routers/__tests__/test-helpers.ts]
2026/09/28 14:27:15 Running tools for the specified file(s)...
2026/09/28 14:27:15 Running opengrep...
2026-09-28T14:27:15-07:00 [INFO] (codacy-cli-v2/cmd/analyze.go:360) Config file found for tool toolConfigPath=.codacy/tools-configs/semgrep.yaml tool=opengrep
2026/09/28 14:27:15 Tool failed to run: failed to run opengrep: fork/exec /home/doug/.cache/codacy/tools/opengrep@1.78.0/opengrep: exec format error
